model: ready languages: ["en", "ja", "vi"]
PASS generateMap.en 25.3s 
PASS expandTopic.en 2.5s 
PASS brainstorm.en 2.8s 
PASS findMissingTopics.en 2.4s 
PASS rewrite.en 1.7s 
PASS summarize.en 2.0s 
PASS suggestTags.en 3.9s 
PASS suggestGroups.en 3.6s 
PASS summarizeBoundary.en 1.3s 
PASS chat.en 1.6s 
PASS generateMap.vi 19.1s 
PASS expandTopic.vi 3.5s 
PASS brainstorm.vi 4.1s 
PASS findMissingTopics.vi 3.4s 
PASS rewrite.vi 2.2s 
PASS summarize.vi 3.6s 
PASS suggestTags.vi 13.8s 
PASS suggestGroups.vi 8.2s 
PASS summarizeBoundary.vi 0.9s 
PASS chat.vi 0.9s 
PASS generateMap.ja 20.5s 
PASS expandTopic.ja 2.3s 
PASS brainstorm.ja 2.9s 
PASS findMissingTopics.ja 2.0s 
PASS rewrite.ja 1.4s 
PASS summarize.ja 1.1s 
PASS suggestTags.ja 5.5s 
PASS suggestGroups.ja 4.1s 
PASS summarizeBoundary.ja 1.6s 
PASS chat.ja 1.4s 
EVAL DONE 30/30
